From https://github.com/mikuworldonline/mikuworldonline.github.io
 * branch            pages      -> FETCH_HEAD
Already up to date.
/Users/quanfengmini/.openclaw/workspace/projects/mikuworldonline.github.io/scripts/auto-dev.sh: line 29: pnpm: command not found
fatal: unable to access 'https://github.com/mikuworldonline/mikuworldonline.github.io.git/': LibreSSL SSL_connect: SSL_ERROR_SYSCALL in connection to github.com:443 
/Users/quanfengmini/.openclaw/workspace/projects/mikuworldonline.github.io/scripts/auto-dev.sh: line 29: pnpm: command not found
From https://github.com/mikuworldonline/mikuworldonline.github.io
 * branch            pages      -> FETCH_HEAD
Already up to date.
/Users/quanfengmini/.openclaw/workspace/projects/mikuworldonline.github.io/scripts/auto-dev.sh: line 29: pnpm: command not found
From https://github.com/mikuworldonline/mikuworldonline.github.io
 * branch            pages      -> FETCH_HEAD
Already up to date.
/Users/quanfengmini/.openclaw/workspace/projects/mikuworldonline.github.io/scripts/auto-dev.sh: line 29: pnpm: command not found
From https://github.com/mikuworldonline/mikuworldonline.github.io
 * branch            pages      -> FETCH_HEAD
Already up to date.
/Users/quanfengmini/.openclaw/workspace/projects/mikuworldonline.github.io/scripts/auto-dev.sh: line 29: pnpm: command not found
From https://github.com/mikuworldonline/mikuworldonline.github.io
 * branch            pages      -> FETCH_HEAD
Already up to date.
/Users/quanfengmini/.openclaw/workspace/projects/mikuworldonline.github.io/scripts/auto-dev.sh: line 29: pnpm: command not found
From https://github.com/mikuworldonline/mikuworldonline.github.io
 * branch            pages      -> FETCH_HEAD
Already up to date.
/Users/quanfengmini/.openclaw/workspace/projects/mikuworldonline.github.io/scripts/auto-dev.sh: line 29: pnpm: command not found
From https://github.com/mikuworldonline/mikuworldonline.github.io
 * branch            pages      -> FETCH_HEAD
Already up to date.
/Users/quanfengmini/.openclaw/workspace/projects/mikuworldonline.github.io/scripts/auto-dev.sh: line 29: pnpm: command not found
From https://github.com/mikuworldonline/mikuworldonline.github.io
 * branch            pages      -> FETCH_HEAD
Already up to date.
/Users/quanfengmini/.openclaw/workspace/projects/mikuworldonline.github.io/scripts/auto-dev.sh: line 29: pnpm: command not found
From https://github.com/mikuworldonline/mikuworldonline.github.io
 * branch            pages      -> FETCH_HEAD
Already up to date.
/Users/quanfengmini/.openclaw/workspace/projects/mikuworldonline.github.io/scripts/auto-dev.sh: line 29: pnpm: command not found
From https://github.com/mikuworldonline/mikuworldonline.github.io
 * branch            pages      -> FETCH_HEAD
Already up to date.
/Users/quanfengmini/.openclaw/workspace/projects/mikuworldonline.github.io/scripts/auto-dev.sh: line 29: pnpm: command not found
From https://github.com/mikuworldonline/mikuworldonline.github.io
 * branch            pages      -> FETCH_HEAD
Already up to date.
/Users/quanfengmini/.openclaw/workspace/projects/mikuworldonline.github.io/scripts/auto-dev.sh: line 29: pnpm: command not found
fatal: unable to access 'https://github.com/mikuworldonline/mikuworldonline.github.io.git/': LibreSSL SSL_connect: SSL_ERROR_SYSCALL in connection to github.com:443 
/Users/quanfengmini/.openclaw/workspace/projects/mikuworldonline.github.io/scripts/auto-dev.sh: line 29: pnpm: command not found
From https://github.com/mikuworldonline/mikuworldonline.github.io
 * branch            pages      -> FETCH_HEAD
Already up to date.
/Users/quanfengmini/.openclaw/workspace/projects/mikuworldonline.github.io/scripts/auto-dev.sh: line 29: pnpm: command not found
fatal: unable to access 'https://github.com/mikuworldonline/mikuworldonline.github.io.git/': LibreSSL SSL_connect: SSL_ERROR_SYSCALL in connection to github.com:443 
/Users/quanfengmini/.openclaw/workspace/projects/mikuworldonline.github.io/scripts/auto-dev.sh: line 29: pnpm: command not found
From https://github.com/mikuworldonline/mikuworldonline.github.io
 * branch            pages      -> FETCH_HEAD
Already up to date.
/Users/quanfengmini/.openclaw/workspace/projects/mikuworldonline.github.io/scripts/auto-dev.sh: line 29: pnpm: command not found
From https://github.com/mikuworldonline/mikuworldonline.github.io
 * branch            pages      -> FETCH_HEAD
Already up to date.
/Users/quanfengmini/.openclaw/workspace/projects/mikuworldonline.github.io/scripts/auto-dev.sh: line 29: pnpm: command not found
From https://github.com/mikuworldonline/mikuworldonline.github.io
 * branch            pages      -> FETCH_HEAD
Already up to date.
/Users/quanfengmini/.openclaw/workspace/projects/mikuworldonline.github.io/scripts/auto-dev.sh: line 29: pnpm: command not found
From https://github.com/mikuworldonline/mikuworldonline.github.io
 * branch            pages      -> FETCH_HEAD
Already up to date.
/Users/quanfengmini/.openclaw/workspace/projects/mikuworldonline.github.io/scripts/auto-dev.sh: line 29: pnpm: command not found
From https://github.com/mikuworldonline/mikuworldonline.github.io
 * branch            pages      -> FETCH_HEAD
Already up to date.
/Users/quanfengmini/.openclaw/workspace/projects/mikuworldonline.github.io/scripts/auto-dev.sh: line 29: pnpm: command not found
From https://github.com/mikuworldonline/mikuworldonline.github.io
 * branch            pages      -> FETCH_HEAD
Already up to date.
/Users/quanfengmini/.openclaw/workspace/projects/mikuworldonline.github.io/scripts/auto-dev.sh: line 29: pnpm: command not found
